// Jest Snapshot v1, https://goo.gl/fbAQLP

exports[`Components: some basic tests. first renderer test  1`] = `
<div>
  Welcome to the Artists "make your website" application
</div>
`;
